---
source: src/elements/component_caller.rs
expression: component_result
---
ComponentCallerData(
    RowData {
        child: ElementTupleData(
            WithEventTarget {
                element: ButtonData(
                    "Press me",
                    PhantomData,
                    PhantomData,
                ),
                callback: &capitaine::elements::component_caller::tests::my_component::{{closure}},
            },
            LabelData(
                "Values: 999 16",
                PhantomData,
                PhantomData,
            ),
            EmptyElementData(
                PhantomData,
                PhantomData,
            ),
            EmptyElementData(
                PhantomData,
                PhantomData,
            ),
            EmptyElementData(
                PhantomData,
                PhantomData,
            ),
            EmptyElementData(
                PhantomData,
                PhantomData,
            ),
            EmptyElementData(
                PhantomData,
                PhantomData,
            ),
            EmptyElementData(
                PhantomData,
                PhantomData,
            ),
            EmptyElementData(
                PhantomData,
                PhantomData,
            ),
            EmptyElementData(
                PhantomData,
                PhantomData,
            ),
            EmptyElementData(
                PhantomData,
                PhantomData,
            ),
            EmptyElementData(
                PhantomData,
                PhantomData,
            ),
            PhantomData,
            PhantomData,
        ),
        _comp_state: PhantomData,
        _comp_event: PhantomData,
    },
    PhantomData,
    PhantomData,
    PhantomData,
    PhantomData,
)
