---
source: src/elements/flex.rs
expression: column
---
Column {
    child: ElementTuple_1(
        Label(
            "Greetings",
            PhantomData,
            PhantomData,
        ),
        PhantomData,
        PhantomData,
    ),
    _comp_state: PhantomData,
    _comp_event: PhantomData,
}
