---
source: src/elements/element_tuple.rs
expression: tuple_data
---
(
    ElementTupleData(
        LabelData(
            "Hello",
            PhantomData,
            PhantomData,
        ),
        EmptyElementData(
            PhantomData,
            PhantomData,
        ),
        EmptyElementData(
            PhantomData,
            PhantomData,
        ),
        EmptyElementData(
            PhantomData,
            PhantomData,
        ),
        EmptyElementData(
            PhantomData,
            PhantomData,
        ),
        EmptyElementData(
            PhantomData,
            PhantomData,
        ),
        EmptyElementData(
            PhantomData,
            PhantomData,
        ),
        EmptyElementData(
            PhantomData,
            PhantomData,
        ),
        EmptyElementData(
            PhantomData,
            PhantomData,
        ),
        EmptyElementData(
            PhantomData,
            PhantomData,
        ),
        EmptyElementData(
            PhantomData,
            PhantomData,
        ),
        EmptyElementData(
            PhantomData,
            PhantomData,
        ),
        PhantomData,
        PhantomData,
    ),
    (
        (),
        (),
        (),
        (),
        (),
        (),
        (),
        (),
        (),
        (),
        (),
        (),
    ),
)
