---
source: src/elements/flex.rs
expression: row
---
Row {
    child: ElementTuple_3(
        Label(
            "Hello",
            PhantomData,
            PhantomData,
        ),
        Label(
            "Hello2",
            PhantomData,
            PhantomData,
        ),
        Label(
            "Hello3",
            PhantomData,
            PhantomData,
        ),
        PhantomData,
        PhantomData,
    ),
    _comp_state: PhantomData,
    _comp_event: PhantomData,
}
