---
source: src/elements/element_tuple.rs
expression: tuple_data
---
(
    ElementTupleData(
        LabelData(
            "Hello",
            FlexParams {
                flex: 1.0,
                alignment: None,
            },
            PhantomData,
            PhantomData,
        ),
        LabelData(
            "Hello2",
            FlexParams {
                flex: 1.0,
                alignment: None,
            },
            PhantomData,
            PhantomData,
        ),
        LabelData(
            "Hello3",
            FlexParams {
                flex: 1.0,
                alignment: None,
            },
            PhantomData,
            PhantomData,
        ),
        EmptyElementData(
            PhantomData,
            PhantomData,
        ),
        EmptyElementData(
            PhantomData,
            PhantomData,
        ),
        EmptyElementData(
            PhantomData,
            PhantomData,
        ),
        EmptyElementData(
            PhantomData,
            PhantomData,
        ),
        EmptyElementData(
            PhantomData,
            PhantomData,
        ),
        EmptyElementData(
            PhantomData,
            PhantomData,
        ),
        EmptyElementData(
            PhantomData,
            PhantomData,
        ),
        EmptyElementData(
            PhantomData,
            PhantomData,
        ),
        EmptyElementData(
            PhantomData,
            PhantomData,
        ),
        PhantomData,
        PhantomData,
    ),
    (
        (),
        (),
        (),
        (),
        (),
        (),
        (),
        (),
        (),
        (),
        (),
        (),
    ),
)
