---
source: src/elements/flex_element.rs
expression: column_state

---
RootWidget(
    Scroll(
        ClipBox(
            Column(
                Container(
                    Column(
                        Container(
                            Row(
                                Label(
                                    "Hello1",
                                ),
                                Label(
                                    "Hello2",
                                ),
                            ),
                        ),
                        Container(
                            Row(
                                Label(
                                    "Hello3",
                                ),
                                Label(
                                    "Hello4",
                                ),
                            ),
                        ),
                        Label(
                            "Hello5",
                        ),
                        Label(
                            "Hello6",
                        ),
                    ),
                ),
            ),
        ),
    ),
)
