---
source: src/elements/element_tuple.rs
expression: tuple_data
---
(
    ElementTupleData(
        LabelData {
            text: "Hello",
            flex: FlexParams {
                flex: 1.0,
                alignment: None,
            },
        },
        EmptyElementData,
        EmptyElementData,
        EmptyElementData,
        EmptyElementData,
        EmptyElementData,
        EmptyElementData,
        EmptyElementData,
        EmptyElementData,
        EmptyElementData,
        EmptyElementData,
        EmptyElementData,
    ),
    (
        (),
        (),
        (),
        (),
        (),
        (),
        (),
        (),
        (),
        (),
        (),
        (),
    ),
)
