---
source: src/elements/element_tuple.rs
expression: tuple_state_2

---
RootWidget(
    Scroll(
        ClipBox(
            Column(
                Label(
                    "World",
                ),
                Label(
                    "World2",
                ),
                Label(
                    "World3",
                ),
            ),
        ),
    ),
)
