---
source: src/elements/textbox.rs
expression: harness.get_root_debug_state()

---
RootWidget(
    Scroll(
        ClipBox(
            Column(
                IdentityWrapper(
                    TextBox(
                        "Hello",
                    ),
                ),
            ),
        ),
    ),
)
