---
source: src/elements/textbox.rs
expression: textbox_state_2

---
RootWidget(
    Scroll(
        ClipBox(
            Column(
                IdentityWrapper(
                    TextBox(
                        "World",
                    ),
                ),
            ),
        ),
    ),
)
