---
source: src/elements/element_tuple.rs
expression: tuple

---
ElementTuple_3(
    Label {
        text: "Hello",
        flex: FlexParams {
            flex: None,
            alignment: None,
        },
    },
    Label {
        text: "Hello2",
        flex: FlexParams {
            flex: None,
            alignment: None,
        },
    },
    Label {
        text: "Hello3",
        flex: FlexParams {
            flex: None,
            alignment: None,
        },
    },
)
