---
source: src/elements/element_list.rs
expression: list_state

---
RootWidget(
    Scroll(
        ClipBox(
            Column(
                Label(
                    "aaa",
                ),
                Label(
                    "bbb",
                ),
                Label(
                    "ccc",
                ),
            ),
        ),
    ),
)
