---
source: src/elements/flex_element.rs
expression: column_state_2

---
RootWidget(
    Column(
        Container(
            Column(
                Container(
                    Row(
                        Label(
                            "World1",
                        ),
                        Label(
                            "World2",
                        ),
                    ),
                ),
                Container(
                    Row(
                        Label(
                            "World3",
                        ),
                        Label(
                            "World4",
                        ),
                    ),
                ),
                Label(
                    "World5",
                ),
                Label(
                    "World6",
                ),
            ),
        ),
    ),
)
