---
source: src/elements/element_option.rs
expression: root_state_3

---
RootWidget(
    Scroll(
        ClipBox(
            Column(
                IdentityWrapper(
                    ControllerHost(
                        Button(
                            "ThisIsAButton",
                        ),
                    ),
                ),
            ),
        ),
    ),
)
