---
source: src/elements/mock_component.rs
expression: root_state

---
RootWidget(
    Scroll(
        ClipBox(
            Column(
                IdentityWrapper(
                    ControllerHost(
                        Button(
                            "clickme",
                        ),
                    ),
                ),
            ),
        ),
    ),
)
