---
source: src/elements/button.rs
expression: button_state

---
RootWidget(
    Scroll(
        ClipBox(
            Column(
                IdentityWrapper(
                    ControllerHost(
                        Button(
                            "Hello",
                        ),
                    ),
                ),
            ),
        ),
    ),
)
