---
source: src/elements/checkbox.rs
expression: checkbox_state_2

---
RootWidget(
    Scroll(
        ClipBox(
            Column(
                IdentityWrapper(
                    Checkbox(
                        "[X] Hello",
                    ),
                ),
            ),
        ),
    ),
)
