---
source: src/elements/element_list.rs
expression: list_data
---
ElementListData {
    children: [
        (
            "aaa",
            LabelData(
                "aaa",
                FlexParams {
                    flex: 1.0,
                    alignment: None,
                },
                PhantomData,
                PhantomData,
            ),
        ),
        (
            "bbb",
            LabelData(
                "bbb",
                FlexParams {
                    flex: 1.0,
                    alignment: None,
                },
                PhantomData,
                PhantomData,
            ),
        ),
        (
            "ccc",
            LabelData(
                "ccc",
                FlexParams {
                    flex: 1.0,
                    alignment: None,
                },
                PhantomData,
                PhantomData,
            ),
        ),
    ],
    _comp_state: PhantomData,
    _comp_event: PhantomData,
}
