---
source: src/elements/element_list.rs
expression: list_data
---
ElementListData {
    children: [
        (
            "aaa",
            LabelData {
                text: "aaa",
                flex: FlexParams {
                    flex: 1.0,
                    alignment: None,
                },
            },
        ),
        (
            "bbb",
            LabelData {
                text: "bbb",
                flex: FlexParams {
                    flex: 1.0,
                    alignment: None,
                },
            },
        ),
        (
            "ccc",
            LabelData {
                text: "ccc",
                flex: FlexParams {
                    flex: 1.0,
                    alignment: None,
                },
            },
        ),
    ],
    _comp_state: PhantomData,
    _comp_event: PhantomData,
}
