---
source: src/elements/element_tuple.rs
expression: tuple_state

---
RootWidget(
    Scroll(
        ClipBox(
            Column(
                Label(
                    "Hello",
                ),
                Label(
                    "Hello2",
                ),
                Label(
                    "Hello3",
                ),
            ),
        ),
    ),
)
