---
source: src/elements/flex_element.rs
expression: row

---
Flex {
    axis: Horizontal,
    child: EmptyElement,
    flex: FlexParams {
        flex: None,
        alignment: None,
    },
    flex_container: FlexContainerParams {
        cross_alignment: Center,
        main_alignment: Start,
        fill_major_axis: false,
    },
    container_style: ContainerStyle {
        background: None,
        border: None,
        corner_radius: Concrete(
            0.0,
        ),
    },
}
