---
source: src/elements/element_list.rs
expression: list_state_2

---
RootWidget(
    Scroll(
        ClipBox(
            Column(
                Label(
                    "AAA",
                ),
                Label(
                    "DDD",
                ),
                Label(
                    "bbb",
                ),
                Label(
                    "ccc",
                ),
            ),
        ),
    ),
)
