---
source: src/elements/element_list.rs
expression: list

---
ElementList {
    children: [
        (
            "aaa",
            Label {
                text: "aaa",
                flex: FlexParams {
                    flex: None,
                    alignment: None,
                },
            },
        ),
        (
            "bbb",
            Label {
                text: "bbb",
                flex: FlexParams {
                    flex: None,
                    alignment: None,
                },
            },
        ),
        (
            "ccc",
            Label {
                text: "ccc",
                flex: FlexParams {
                    flex: None,
                    alignment: None,
                },
            },
        ),
    ],
}
