---
source: src/elements/any_element.rs
expression: harness.get_root_debug_state()

---
RootWidget(
    Scroll(
        ClipBox(
            Column(
                IdentityWrapper(
                    ControllerHost(
                        Button(
                            "Hello",
                        ),
                    ),
                ),
            ),
        ),
    ),
)
