---
source: src/elements/flex_element.rs
expression: column_data

---
(
    FlexData {
        axis: Vertical,
        child: EmptyElementData,
        flex: FlexParams {
            flex: 1.0,
            alignment: None,
        },
        flex_container: FlexContainerParams {
            cross_alignment: Center,
            main_alignment: Start,
            fill_major_axis: false,
        },
    },
    (),
)
